******************************************************************************
       MSP430 Evaluation Linker PC v3.3.2                      
******************************************************************************
>> Linked Tue Sep 20 00:07:08 2011

OUTPUT FILE NAME:   <android_testbench.out>
ENTRY POINT SYMBOL: "_c_int00"  address: 0000fdd4


MEMORY CONFIGURATION

         name            origin    length      used     unused   attr    fill
----------------------  --------  ---------  --------  --------  ----  --------
  SFR                   00000000   00000010  00000000  00000010  RWIX
  PERIPHERALS_8BIT      00000010   000000f0  00000000  000000f0  RWIX
  PERIPHERALS_16BIT     00000100   00000100  00000000  00000100  RWIX
  RAM                   00000200   00000080  00000070  00000010  RWIX
  INFOD                 00001000   00000040  00000000  00000040  RWIX
  INFOC                 00001040   00000040  00000000  00000040  RWIX
  INFOB                 00001080   00000040  00000000  00000040  RWIX
  INFOA                 000010c0   00000040  00000000  00000040  RWIX
  FLASH                 0000f800   000007e0  00000796  0000004a  RWIX
  INT00                 0000ffe0   00000002  00000000  00000002  RWIX
  INT01                 0000ffe2   00000002  00000000  00000002  RWIX
  INT02                 0000ffe4   00000002  00000002  00000000  RWIX
  INT03                 0000ffe6   00000002  00000000  00000002  RWIX
  INT04                 0000ffe8   00000002  00000000  00000002  RWIX
  INT05                 0000ffea   00000002  00000000  00000002  RWIX
  INT06                 0000ffec   00000002  00000000  00000002  RWIX
  INT07                 0000ffee   00000002  00000000  00000002  RWIX
  INT08                 0000fff0   00000002  00000000  00000002  RWIX
  INT09                 0000fff2   00000002  00000002  00000000  RWIX
  INT10                 0000fff4   00000002  00000000  00000002  RWIX
  INT11                 0000fff6   00000002  00000000  00000002  RWIX
  INT12                 0000fff8   00000002  00000000  00000002  RWIX
  INT13                 0000fffa   00000002  00000000  00000002  RWIX
  INT14                 0000fffc   00000002  00000000  00000002  RWIX
  RESET                 0000fffe   00000002  00000002  00000000  RWIX


SECTION ALLOCATION MAP

 output                                  attributes/
section   page    origin      length       input sections
--------  ----  ----------  ----------   ----------------
.pinit     0    0000f800    00000000     UNINITIALIZED

.bss       0    00000200    0000003e     UNINITIALIZED
                  00000200    00000036     main.obj (.bss)
                  00000236    00000004     rts430.lib : _lock.obj (.bss)
                  0000023a    00000004                : boot.obj (.bss)

.stack     0    0000024c    00000032     UNINITIALIZED
                  0000024c    00000002     rts430.lib : boot.obj (.stack)
                  0000024e    00000030     --HOLE--

.text      0    0000f800    0000066e     
                  0000f800    00000118     main.obj (.text:ascii_to_val)
                  0000f918    0000009a     rts430.lib : fs_div.obj (.text)
                  0000f9b2    00000094     main.obj (.text:main)
                  0000fa46    00000092     main.obj (.text:Timer_A)
                  0000fad8    00000068     rts430.lib : fs_toi.obj (.text)
                  0000fb40    0000005a     main.obj (.text:set_position)
                  0000fb9a    00000058     main.obj (.text:itoa)
                  0000fbf2    00000054     rts430.lib : atoi.obj (.text:atoi)
                  0000fc46    0000004c                : lsr16.obj (.text)
                  0000fc92    00000046                : autoinit.obj (.text:_auto_init)
                  0000fcd8    0000003e     main.obj (.text:step_motor)
                  0000fd16    00000036     rts430.lib : fs_itof.obj (.text)
                  0000fd4c    00000030     main.obj (.text:Port_1)
                  0000fd7c    0000002c     rts430.lib : div16s.obj (.text)
                  0000fda8    0000002c                : lsl16.obj (.text)
                  0000fdd4    00000026                : boot.obj (.text:_c_int00_noexit)
                  0000fdfa    0000001e     main.obj (.text:delay)
                  0000fe18    00000016     rts430.lib : div16u.obj (.text)
                  0000fe2e    00000014                : mult16.obj (.text)
                  0000fe42    00000012                : memcpy.obj (.text:memcpy)
                  0000fe54    00000010                : epilog.obj (.text)
                  0000fe64    00000004                : pre_init.obj (.text:_system_pre_init)
                  0000fe68    00000004                : exit.obj (.text:abort)
                  0000fe6c    00000002                : _lock.obj (.text:_nop)

.const     0    0000fe6e    00000114     
                  0000fe6e    00000101     rts430.lib : ctype.obj (.const:_ctypes_)
                  0000ff6f    00000001     --HOLE-- [fill = 0]
                  0000ff70    00000012     main.obj (.const:.string)

.cinit     0    0000ff82    00000014     
                  0000ff82    00000011     main.obj (.cinit)
                  0000ff93    00000001     --HOLE-- [fill = 0]
                  0000ff94    00000002     (.pad.cinit) [fill = 0]

.int02     0    0000ffe4    00000002     
                  0000ffe4    00000002     main.obj (.int02)

.int09     0    0000fff2    00000002     
                  0000fff2    00000002     main.obj (.int09)

.reset     0    0000fffe    00000002     
                  0000fffe    00000002     rts430.lib : boot.obj (.reset)


GLOBAL SYMBOLS: SORTED ALPHABETICALLY BY Name 

address    name
--------   ----
00000200   .bss
0000f800   .text
0000004a   ADC10AE0
000001b0   ADC10CTL0
000001b2   ADC10CTL1
00000048   ADC10DTC0
00000049   ADC10DTC1
000001b4   ADC10MEM
000001bc   ADC10SA
00000057   BCSCTL1
00000058   BCSCTL2
00000053   BCSCTL3
0000fe68   C$$EXIT
000010ff   CALBC1_1MHZ
000010fe   CALDCO_1MHZ
00000056   DCOCTL
00000128   FCTL1
0000012a   FCTL2
0000012c   FCTL3
00000000   IE1
00000002   IFG1
0000fda8   I_LSL
0000fdd0   I_LSL_1
0000fdbe   I_LSL_10
0000fdbc   I_LSL_11
0000fdba   I_LSL_12
0000fdb8   I_LSL_13
0000fdb6   I_LSL_14
0000fdb4   I_LSL_15
0000fdce   I_LSL_2
0000fdcc   I_LSL_3
0000fdca   I_LSL_4
0000fdc8   I_LSL_5
0000fdc6   I_LSL_6
0000fdc4   I_LSL_7
0000fdc2   I_LSL_8
0000fdc0   I_LSL_9
0000fc46   I_LSR
0000fc8c   I_LSR_1
0000fc68   I_LSR_10
0000fc64   I_LSR_11
0000fc60   I_LSR_12
0000fc5c   I_LSR_13
0000fc58   I_LSR_14
0000fc54   I_LSR_15
0000fc88   I_LSR_2
0000fc84   I_LSR_3
0000fc80   I_LSR_4
0000fc7c   I_LSR_5
0000fc78   I_LSR_6
0000fc74   I_LSR_7
0000fc70   I_LSR_8
0000fc6c   I_LSR_9
00000022   P1DIR
00000025   P1IE
00000024   P1IES
00000023   P1IFG
00000020   P1IN
00000021   P1OUT
00000027   P1REN
00000026   P1SEL
0000002a   P2DIR
0000002d   P2IE
0000002c   P2IES
0000002b   P2IFG
00000028   P2IN
00000029   P2OUT
0000002f   P2REN
0000002e   P2SEL
0000fd4c   Port_1
00000204   RX_buffer
00000202   RX_byte
0000020e   RX_cnt
00000172   TACCR0
00000174   TACCR1
00000162   TACCTL0
00000164   TACCTL1
00000160   TACTL
0000012e   TAIV
00000170   TAR
0000fa46   Timer_A
0000007a   USICCTL
0000007a   USICKCTL
0000007b   USICNT
00000078   USICTL
00000078   USICTL0
00000079   USICTL1
0000007c   USISR
0000007d   USISRH
0000007c   USISRL
00000120   WDTCTL
0000027e   __STACK_END
00000032   __STACK_SIZE
00000001   __TI_args_main
00000001   __TI_auto_init
00000001   __TI_exit
ffffffff   __binit__
00000200   __bss__
ffffffff   __c_args__
0000ff82   __cinit__
0000fd7c   __divi
0000fe18   __divu
0000023e   __end__
0000fe6e   __etext__
0000f918   __fs_div
0000fd16   __fs_itof
0000fad8   __fs_toi
0000fe2e   __mpyi
ffffffff   __pinit__
0000fd7c   __remi
0000fe18   __remu
0000f800   __text__
0000fc92   _auto_init
0000fdd4   _c_int00
0000fdd4   _c_int00_noexit
0000023a   _cleanup_ptr
0000fe6e   _ctypes_
0000023c   _dtors_ptr
00000236   _lock
0000fe6c   _nop
0000fffe   _reset_vector
0000024c   _stack
0000fe64   _system_pre_init
00000238   _unlock
0000fe68   abort
0000f800   ascii_to_val
0000fbf2   atoi
ffffffff   binit
00000200   bit_count
0000ff82   cinit
00000210   degrees
0000fdfa   delay
0000023e   end
0000fe6e   etext
0000fe60   func_epilog_1
0000fe5e   func_epilog_2
0000fe5c   func_epilog_3
0000fe5a   func_epilog_4
0000fe58   func_epilog_5
0000fe56   func_epilog_6
0000fe54   func_epilog_7
0000020c   i
00000212   is_receiving
0000fb9a   itoa
0000f9b2   main
0000fe42   memcpy
ffffffff   pinit
00000214   rx_complete
0000fb40   set_position
0000fcd8   step_motor


GLOBAL SYMBOLS: SORTED BY Symbol Address 

address    name
--------   ----
00000000   IE1
00000001   __TI_args_main
00000001   __TI_auto_init
00000001   __TI_exit
00000002   IFG1
00000020   P1IN
00000021   P1OUT
00000022   P1DIR
00000023   P1IFG
00000024   P1IES
00000025   P1IE
00000026   P1SEL
00000027   P1REN
00000028   P2IN
00000029   P2OUT
0000002a   P2DIR
0000002b   P2IFG
0000002c   P2IES
0000002d   P2IE
0000002e   P2SEL
0000002f   P2REN
00000032   __STACK_SIZE
00000048   ADC10DTC0
00000049   ADC10DTC1
0000004a   ADC10AE0
00000053   BCSCTL3
00000056   DCOCTL
00000057   BCSCTL1
00000058   BCSCTL2
00000078   USICTL
00000078   USICTL0
00000079   USICTL1
0000007a   USICCTL
0000007a   USICKCTL
0000007b   USICNT
0000007c   USISR
0000007c   USISRL
0000007d   USISRH
00000120   WDTCTL
00000128   FCTL1
0000012a   FCTL2
0000012c   FCTL3
0000012e   TAIV
00000160   TACTL
00000162   TACCTL0
00000164   TACCTL1
00000170   TAR
00000172   TACCR0
00000174   TACCR1
000001b0   ADC10CTL0
000001b2   ADC10CTL1
000001b4   ADC10MEM
000001bc   ADC10SA
00000200   .bss
00000200   __bss__
00000200   bit_count
00000202   RX_byte
00000204   RX_buffer
0000020c   i
0000020e   RX_cnt
00000210   degrees
00000212   is_receiving
00000214   rx_complete
00000236   _lock
00000238   _unlock
0000023a   _cleanup_ptr
0000023c   _dtors_ptr
0000023e   __end__
0000023e   end
0000024c   _stack
0000027e   __STACK_END
000010fe   CALDCO_1MHZ
000010ff   CALBC1_1MHZ
0000f800   .text
0000f800   __text__
0000f800   ascii_to_val
0000f918   __fs_div
0000f9b2   main
0000fa46   Timer_A
0000fad8   __fs_toi
0000fb40   set_position
0000fb9a   itoa
0000fbf2   atoi
0000fc46   I_LSR
0000fc54   I_LSR_15
0000fc58   I_LSR_14
0000fc5c   I_LSR_13
0000fc60   I_LSR_12
0000fc64   I_LSR_11
0000fc68   I_LSR_10
0000fc6c   I_LSR_9
0000fc70   I_LSR_8
0000fc74   I_LSR_7
0000fc78   I_LSR_6
0000fc7c   I_LSR_5
0000fc80   I_LSR_4
0000fc84   I_LSR_3
0000fc88   I_LSR_2
0000fc8c   I_LSR_1
0000fc92   _auto_init
0000fcd8   step_motor
0000fd16   __fs_itof
0000fd4c   Port_1
0000fd7c   __divi
0000fd7c   __remi
0000fda8   I_LSL
0000fdb4   I_LSL_15
0000fdb6   I_LSL_14
0000fdb8   I_LSL_13
0000fdba   I_LSL_12
0000fdbc   I_LSL_11
0000fdbe   I_LSL_10
0000fdc0   I_LSL_9
0000fdc2   I_LSL_8
0000fdc4   I_LSL_7
0000fdc6   I_LSL_6
0000fdc8   I_LSL_5
0000fdca   I_LSL_4
0000fdcc   I_LSL_3
0000fdce   I_LSL_2
0000fdd0   I_LSL_1
0000fdd4   _c_int00
0000fdd4   _c_int00_noexit
0000fdfa   delay
0000fe18   __divu
0000fe18   __remu
0000fe2e   __mpyi
0000fe42   memcpy
0000fe54   func_epilog_7
0000fe56   func_epilog_6
0000fe58   func_epilog_5
0000fe5a   func_epilog_4
0000fe5c   func_epilog_3
0000fe5e   func_epilog_2
0000fe60   func_epilog_1
0000fe64   _system_pre_init
0000fe68   C$$EXIT
0000fe68   abort
0000fe6c   _nop
0000fe6e   __etext__
0000fe6e   _ctypes_
0000fe6e   etext
0000ff82   __cinit__
0000ff82   cinit
0000fffe   _reset_vector
ffffffff   __binit__
ffffffff   __c_args__
ffffffff   __pinit__
ffffffff   binit
ffffffff   pinit

[150 symbols]
